// Jest Snapshot v1, https://goo.gl/fbAQLP

exports[`Container renders to snapshot 1`] = `
<View
  style={
    Array [
      Object {
        "alignItems": "center",
        "backgroundColor": "#F5FCFF",
        "flex": 1,
        "justifyContent": "center",
        "padding": 12,
      },
    ]
  }
/>
`;
